\BOOKMARK [1][-]{section.1}{\376\377\000P\000u\000r\000p\000o\000s\000e\000\040\000a\000n\000d\000\040\000R\000e\000l\000a\000t\000i\000o\000n\000s\000h\000i\000p\000\040\000t\000o\000\040\000O\000t\000h\000e\000r\000\040\000E\000s\000t\000i\000m\000a\000t\000o\000r\000s}{}% 1
\BOOKMARK [1][-]{section.2}{\376\377\000P\000e\000r\000-\000S\000h\000o\000t\000\040\000P\000i\000x\000e\000l\000\040\000L\000i\000k\000e\000l\000i\000h\000o\000o\000d\000\040\000\050\000R\000e\000c\000a\000p\000\051}{}% 2
\BOOKMARK [2][-]{subsection.2.1}{\376\377\000P\000a\000r\000a\000m\000e\000t\000e\000r\000s}{section.2}% 3
\BOOKMARK [2][-]{subsection.2.2}{\376\377\000P\000i\000x\000e\000l\000\040\000R\000a\000t\000e\000\040\000a\000n\000d\000\040\000P\000o\000i\000s\000s\000o\000n\000\040\000L\000i\000k\000e\000l\000i\000h\000o\000o\000d}{section.2}% 4
\BOOKMARK [1][-]{section.3}{\376\377\000P\000i\000x\000e\000l\000\040\000A\000C\000S\000\040\000v\000i\000a\000\040\000E\000x\000a\000c\000t\000\040\000C\000D\000F\000\040\000\040\0002\000D\000\040\000G\000a\000u\000s\000s\040\023\000H\000e\000r\000m\000i\000t\000e}{}% 5
\BOOKMARK [1][-]{section.4}{\376\377\000P\000S\000M\000A\000P\000\040\000L\000o\000o\000k\000u\000p\000:\000\040\000C\000a\000t\000m\000u\000l\000l\040\023\000R\000o\000m\000\040\000I\000n\000t\000e\000r\000p\000o\000l\000a\000t\000i\000o\000n\000\040\000a\000n\000d\000\040\000i\000t\000s\000\040\000A\000n\000a\000l\000y\000t\000i\000c\000\040\000D\000e\000r\000i\000v\000a\000t\000i\000v\000e}{}% 6
\BOOKMARK [2][-]{subsection.4.1}{\376\377\000V\000a\000l\000u\000e\000:\000\040\0004\000D\000\040\000C\000u\000b\000i\000c\000\040\000I\000n\000t\000e\000r\000p\000o\000l\000a\000t\000i\000o\000n}{section.4}% 7
\BOOKMARK [2][-]{subsection.4.2}{\376\377\000A\000n\000a\000l\000y\000t\000i\000c\000\040\000G\000r\000a\000d\000i\000e\000n\000t}{section.4}% 8
\BOOKMARK [2][-]{subsection.4.3}{\376\377\000C\000h\000a\000i\000n\000i\000n\000g\000\040\000T\000h\000r\000o\000u\000g\000h\000\040\000t\000o\000\040}{section.4}% 9
\BOOKMARK [1][-]{section.5}{\376\377\000N\000e\000s\000t\000e\000d\000\040\000P\000r\000o\000f\000i\000l\000i\000n\000g\000:\000\040\000A\000r\000r\000o\000w\000\040\000S\000p\000a\000r\000s\000i\000t\000y}{}% 10
\BOOKMARK [1][-]{section.6}{\376\377\000I\000n\000n\000e\000r\000\040\000S\000o\000l\000v\000e\000:\000\040\000P\000e\000r\000-\000S\000h\000o\000t\000\040\000\050\000i\000,\000i\000,\0000\000,\000i\000,\0001\0000\0000\000\051}{}% 11
\BOOKMARK [2][-]{subsection.6.1}{\376\377\000B\000o\000u\000n\000d\000s\000\040\000\050\000a\000n\000a\000l\000y\000t\000i\000c\000\040\000p\000a\000t\000h\000\040\000o\000n\000l\000y\000\051}{section.6}% 12
\BOOKMARK [2][-]{subsection.6.2}{\376\377\000O\000b\000j\000e\000c\000t\000i\000v\000e\000\040\000R\000e\000s\000c\000a\000l\000i\000n\000g}{section.6}% 13
\BOOKMARK [2][-]{subsection.6.3}{\376\377\000C\000o\000n\000v\000e\000r\000g\000e\000n\000c\000e\000\040\000C\000h\000e\000c\000k\000\040\000a\000n\000d\000\040\000t\000h\000e\000\040\000E\000n\000v\000e\000l\000o\000p\000e\000-\000T\000h\000e\000o\000r\000e\000m\000\040\000S\000h\000o\000r\000t\000c\000u\000t}{section.6}% 14
\BOOKMARK [1][-]{section.7}{\376\377\000O\000u\000t\000e\000r\000\040\000S\000o\000l\000v\000e\000:\000\040\000=\000\050\000A\000s\000,\000A\000c\000\051}{}% 15
\BOOKMARK [2][-]{subsection.7.1}{\376\377\000f\000i\000t\000\137\000b\000e\000t\000a\000\040\040\024\000\040\000P\000e\000r\000-\000S\000h\000o\000t\000\040\000P\000y\000t\000h\000o\000n\000\040\000L\000o\000o\000p}{section.7}% 16
\BOOKMARK [2][-]{subsection.7.2}{\376\377\000f\000i\000t\000\137\000b\000e\000t\000a\000\137\000b\000a\000t\000c\000h\000\040\040\024\000\040\000B\000a\000t\000c\000h\000e\000d\000/\000G\000P\000U\000\040\000I\000n\000n\000e\000r\000\040\000S\000o\000l\000v\000e}{section.7}% 17
\BOOKMARK [1][-]{section.8}{\376\377\000B\000a\000t\000c\000h\000i\000n\000g\000\040\000\050\000p\000i\000x\000e\000l\000\137\000a\000c\000s\000\137\000g\000r\000a\000d\000\137\000b\000a\000t\000c\000h\000.\000p\000y\000\051}{}% 18
\BOOKMARK [1][-]{section.9}{\376\377\000A\000s\000s\000u\000m\000p\000t\000i\000o\000n\000s\000\040\000a\000n\000d\000\040\000S\000i\000m\000p\000l\000i\000f\000i\000c\000a\000t\000i\000o\000n\000s}{}% 19
\BOOKMARK [1][-]{section.10}{\376\377\000K\000n\000o\000w\000n\000\040\000O\000p\000e\000n\000\040\000I\000s\000s\000u\000e\000s\000\040\000/\000\040\000C\000u\000r\000r\000e\000n\000t\000\040\000I\000n\000v\000e\000s\000t\000i\000g\000a\000t\000i\000o\000n}{}% 20
\BOOKMARK [1][-]{section.11}{\376\377\000R\000e\000p\000r\000o\000d\000u\000c\000i\000b\000i\000l\000i\000t\000y}{}% 21
\BOOKMARK [2][-]{subsection.11.1}{\376\377\000C\000L\000I\000\040\000\050\000f\000i\000t\000\137\000b\000e\000t\000a\000\040\000o\000n\000l\000y\000\051}{section.11}% 22
\BOOKMARK [2][-]{subsection.11.2}{\376\377\000D\000e\000f\000a\000u\000l\000t\000\040\000H\000y\000p\000e\000r\000p\000a\000r\000a\000m\000e\000t\000e\000r\000s}{section.11}% 23
\BOOKMARK [2][-]{subsection.11.3}{\376\377\000O\000u\000t\000p\000u\000t}{section.11}% 24
